jonathan@unic128:~/helmholtz$ ping 172.17.0.94
PING 172.17.0.94 (172.17.0.94) 56(84) bytes of data.
64 bytes from 172.17.0.94: icmp_seq=1 ttl=64 time=0.053 ms
64 bytes from 172.17.0.94: icmp_seq=2 ttl=64 time=0.040 ms
64 bytes from 172.17.0.94: icmp_seq=3 ttl=64 time=0.048 ms
^C
--- 172.17.0.94 ping statistics ---
3 packets transmitted, 3 received, 0% packet loss, time 1998ms
rtt min/avg/max/mdev = 0.040/0.047/0.053/0.005 ms
jonathan@unic128:~/helmholtz$ ping 172.17.0.94:80
ping: unknown host 172.17.0.94:80
jonathan@unic128:~/helmholtz$ ping 172.17.0.94
PING 172.17.0.94 (172.17.0.94) 56(84) bytes of data.
64 bytes from 172.17.0.94: icmp_seq=1 ttl=64 time=0.057 ms
64 bytes from 172.17.0.94: icmp_seq=2 ttl=64 time=0.048 ms
64 bytes from 172.17.0.94: icmp_seq=3 ttl=64 time=0.051 ms
^C
--- 172.17.0.94 ping statistics ---
3 packets transmitted, 3 received, 0% packet loss, time 1998ms
rtt min/avg/max/mdev = 0.048/0.052/0.057/0.003 ms
jonathan@unic128:~/helmholtz$ cd ..
jonathan@unic128:~$ workon helm1
ERROR: Environment 'helm1' does not exist. Create it with 'mkvirtualenv helm1'.
jonathan@unic128:~$ lsvirtualenv -b
jonathan@unic128:~$ lsvirtualenv
jonathan@unic128:~$ cd brainscales_db/
jonathan@unic128:~/brainscales_db$ cd brainscales_db/
jonathan@unic128:~/brainscales_db/brainscales_db$ dc ..
dc: Will not attempt to process directory ..
jonathan@unic128:~/brainscales_db/brainscales_db$ cd ..
jonathan@unic128:~/brainscales_db$ lsvirtualenv
jonathan@unic128:~/brainscales_db$ ping tutum.co/apdavison/visiondb_server
ping: unknown host tutum.co/apdavison/visiondb_server
jonathan@unic128:~/brainscales_db$ ping tutum.co
PING tutum.co (54.173.202.239) 56(84) bytes of data.
^C
--- tutum.co ping statistics ---
2 packets transmitted, 0 received, 100% packet loss, time 1007ms

jonathan@unic128:~/brainscales_db$ bleau de liaisons retrouvées
bleau: command not found
jonathan@unic128:~/brainscales_db$ Un véhicule entré dans une zone considérée est
Un: command not found
jonathan@unic128:~/brainscales_db$ repéré en sortie de cette même zone
repéré: command not found
jonathan@unic128:~/brainscales_db$ Il s’agit d’un véhicule retrouvé
Il: command not found
jonathan@unic128:~/brainscales_db$ Ce véhicule est en transit
Ce: command not found
jonathan@unic128:~/brainscales_db$ il traverse PONTHIERRY sans s’y arrêter
il: command not found
jonathan@unic128:~/brainscales_db$ L’unité est « le véh
L’unité: command not found
jonathan@unic128:~/brainscales_db$ 
jonathan@unic128:~/brainscales_db$ ping tutum.co/apdavison/visiondb_server
ping: unknown host tutum.co/apdavison/visiondb_server
jonathan@unic128:~/brainscales_db$ ping tutum.co/apdavison
ping: unknown host tutum.co/apdavison
jonathan@unic128:~/brainscales_db$ ping tutum.co
PING tutum.co (54.173.202.239) 56(84) bytes of data.
^C
--- tutum.co ping statistics ---
6 packets transmitted, 0 received, 100% packet loss, time 5040ms

jonathan@unic128:~/brainscales_db$ ping tutum.co
PING tutum.co (52.5.225.31) 56(84) bytes of data.
^C
--- tutum.co ping statistics ---
51 packets transmitted, 0 received, 100% packet loss, time 50391ms

jonathan@unic128:~/brainscales_db$ ping 52.5.225.31
PING 52.5.225.31 (52.5.225.31) 56(84) bytes of data.
^C
--- 52.5.225.31 ping statistics ---
3 packets transmitted, 0 received, 100% packet loss, time 2014ms

jonathan@unic128:~/brainscales_db$ 
jonathan@unic128:~/brainscales_db$ 
jonathan@unic128:~/brainscales_db$ 
jonathan@unic128:~/brainscales_db$ ping 52.5.225.31
PING 52.5.225.31 (52.5.225.31) 56(84) bytes of data.
^C
--- 52.5.225.31 ping statistics ---
2 packets transmitted, 0 received, 100% packet loss, time 1008ms

jonathan@unic128:~/brainscales_db$ 


